
> rebinmas-project-management@0.1.0 build
> next build --webpack

Γû▓ Next.js 16.1.6 (webpack)
- Environments: .env

  Creating an optimized production build ...
Γ£ô Compiled successfully in 15.6s
  Running TypeScript ...
  Collecting page data using 15 workers ...
  Generating static pages using 15 workers (0/20) ...
  Generating static pages using 15 workers (5/20) 
  Generating static pages using 15 workers (10/20) 
  Generating static pages using 15 workers (15/20) 
Γ£ô Generating static pages using 15 workers (20/20) in 995.2ms
  Finalizing page optimization ...
  Collecting build traces ...

Route (app)
Γöî ╞Æ /
Γö£ ╞Æ /_not-found
Γö£ ╞Æ /api/logout
Γö£ ╞Æ /api/projects
Γö£ ╞Æ /api/projects/[id]
Γö£ ╞Æ /api/projects/[id]/canvas
Γö£ ╞Æ /api/projects/[id]/dashboard
Γö£ ╞Æ /api/projects/[id]/members
Γö£ ╞Æ /api/projects/[id]/members/[userId]
Γö£ ╞Æ /api/seed
Γö£ ╞Æ /api/statuses
Γö£ ╞Æ /api/sync
Γö£ ╞Æ /api/tasks
Γö£ ╞Æ /api/tasks/[id]
Γö£ ╞Æ /api/upload
Γö£ ╞Æ /api/user
Γö£ ╞Æ /api/users/search
Γö£ ╞Æ /auth/login
Γö£ ╞Æ /auth/register
Γö£ ╞Æ /dashboard
Γö£ ╞Æ /forbidden
Γö£ ╞Æ /projects
Γö£ ╞Æ /projects/[id]
Γö£ ╞Æ /projects/[id]/board
Γö£ ╞Æ /projects/[id]/board/[taskId]
Γö£ ╞Æ /projects/[id]/report
Γö£ ╞Æ /reports
Γö£ ╞Æ /settings
Γöö ╞Æ /users


╞Æ Proxy (Middleware)

╞Æ  (Dynamic)  server-rendered on demand


> rebinmas-project-management@0.1.0 postbuild
> node scripts/ensure-uploads-folder.js

[ensure-uploads-folder] Checking uploads folder locations...
[ensure-uploads-folder] Already exists: D:\Gawean Rebinmas\Schedule Tracker\schedule-tracker\public\uploads
[ensure-uploads-folder] Created: D:\Gawean Rebinmas\Schedule Tracker\schedule-tracker\.next\standalone\public\uploads
[ensure-uploads-folder] Done!
