app/projects/[id]/ProjectBoardClient.tsx(127,5): error TS2304: Cannot find name 'router'.
components/task/TaskAttachments.tsx(68,32): error TS2345: Argument of type '(prev: Attachment[]) => (Attachment | undefined)[]' is not assignable to parameter of type 'SetStateAction<Attachment[]>'.
  Type '(prev: Attachment[]) => (Attachment | undefined)[]' is not assignable to type '(prevState: Attachment[]) => Attachment[]'.
    Type '(Attachment | undefined)[]' is not assignable to type 'Attachment[]'.
      Type 'Attachment | undefined' is not assignable to type 'Attachment'.
        Type 'undefined' is not assignable to type 'Attachment'.
lib/api/projects.ts(1164,63): error TS18046: 'e' is of type 'unknown'.
lib/api/projects.ts(1195,60): error TS18046: 'e' is of type 'unknown'.
